nouvelle session
ajoute candidat Adam
ajoute candidat Marie
ajoute formation Université de Toulon (2 places)
ajoute formation Université Côte d'Azur (1 places)
ajoute voeu de Adam pour Université Côte d'Azur (rang=1)
ajoute voeu de Adam pour Université de Toulon (rang=0)
ajoute voeu de Marie pour Université Côte d'Azur (rang=1)
commission de classement de Université Côte d'Azur : [Adam; Marie]
commission de classement de Université de Toulon : [Adam; Marie]
réunit commissions
nouveau jour
Voeux en attente de Adam : {}
Propositions en attente de Adam : {Université de Toulon}
Voeux en attente de Marie : {}
Propositions en attente de Marie : {Université Côte d'Azur}
Adam renonce à Université de Toulon
nouveau jour
Voeux en attente de Adam : {}
Propositions en attente de Adam : {}
Voeux en attente de Marie : {}
Propositions en attente de Marie : {Université Côte d'Azur}
